// Jest Snapshot v1, https://goo.gl/fbAQLP

exports[`Header renders correctly 1`] = `
Array [
  <div>
    <section
      className="hero is-large"
    >
      <div
        className="hero-body"
      >
        <div
          class="container has-text-centered"
        >
          <h1
            className="title is-size-1"
          >
            Hi, I'm Guillermo Hernandez
          </h1>
          <h1
            className="sc-AxjAm XBEoP subtitle is-size-3"
          >
            Software Engineer.
          </h1>
        </div>
      </div>
    </section>
  </div>,
  <canvas
    onMouseDown={[Function]}
    style={
      Object {
        "height": "100%",
        "left": 0,
        "position": "absolute",
        "top": 0,
        "width": "100%",
        "zIndex": -1,
      }
    }
  />,
]
`;
