// Jest Snapshot v1, https://goo.gl/fbAQLP

exports[`Navbar renders correctly 1`] = `
<nav
  aria-label="main navigation"
  className="navbar"
  role="navigation"
  style={
    Object {
      "backgroundColor": "#FCFEFB",
    }
  }
>
  <div
    className="navbar-brand"
  >
    <a
      className="navbar-item"
      href="/"
    >
      <img
        alt="Guillermo Hernandez Logo"
        src="test-file-stub"
      />
    </a>
    <a
      aria-expanded="false"
      aria-label="menu"
      className="navbar-burger burger"
      data-target="navbarBasicExample"
      href="/"
      role="button"
    >
      <span
        aria-hidden="true"
      />
      <span
        aria-hidden="true"
      />
      <span
        aria-hidden="true"
      />
    </a>
  </div>
  <div
    className="navbar-menu"
    id="navbarBasicExample"
  >
    <div
      className="navbar-end"
    >
      <a
        className="navbar-item link"
        href="#About"
      >
        About
      </a>
      <a
        className="navbar-item link"
        href="#Projects"
      >
        Projects
      </a>
      <a
        className="navbar-item link"
        href="#Contact"
      >
        Contact
      </a>
    </div>
  </div>
</nav>
`;
